// Jest Snapshot v1, https://goo.gl/fbAQLP

exports[`Tests the mounted layout component tests the form component of the app 1`] = `
ShallowWrapper {
  Symbol(enzyme.__root__): [Circular],
  Symbol(enzyme.__unrendered__): <LayOut />,
  Symbol(enzyme.__renderer__): Object {
    "batchedUpdates": [Function],
    "getNode": [Function],
    "render": [Function],
    "simulateError": [Function],
    "simulateEvent": [Function],
    "unmount": [Function],
  },
  Symbol(enzyme.__node__): Object {
    "instance": null,
    "key": undefined,
    "nodeType": "host",
    "props": Object {
      "children": <div
        className="container"
      >
        <section
          className="mt-4"
        >
          <div
            className="row"
          >
            <div
              className="col-md-6 mb-3 offset-md-3"
            >
              <div
                className="text-center mb-4 wow fadeIn"
              >
                <div
                  className="card"
                >
                  <h5
                    className="card-header unique-color-dark  white-text text-center mt-0 py-4"
                  >
                    <strong>
                      Create Account
                    </strong>
                  </h5>
                  <div
                    className="card-body px-lg-5 pt-5"
                  >
                    <form
                      className="text-center"
                      id="signupform"
                    >
                      <Input
                        className="form-control"
                        label="Username"
                        lenght="4"
                        name="username"
                        type="text"
                      />
                      <Input
                        className="form-control"
                        label="Email"
                        lenght="4"
                        name="email"
                        type="email"
                      />
                      <Input
                        className="form-control"
                        label="Password"
                        lenght="8"
                        name="password"
                        type="password"
                      />
                      <Input
                        className="form-control"
                        label="Confirm password"
                        lenght="8"
                        name="confirmPassword"
                        type="password"
                      />
                      <button
                        className="btn btn-outline-info btn-rounded btn-block my-4 waves-effect z-depth-0"
                        type="submit"
                      >
                        Submit
                      </button>
                    </form>
                  </div>
                </div>
              </div>
            </div>
          </div>
        </section>
      </div>,
      "className": "mt-5 pt-5",
    },
    "ref": null,
    "rendered": Object {
      "instance": null,
      "key": undefined,
      "nodeType": "host",
      "props": Object {
        "children": <section
          className="mt-4"
        >
          <div
            className="row"
          >
            <div
              className="col-md-6 mb-3 offset-md-3"
            >
              <div
                className="text-center mb-4 wow fadeIn"
              >
                <div
                  className="card"
                >
                  <h5
                    className="card-header unique-color-dark  white-text text-center mt-0 py-4"
                  >
                    <strong>
                      Create Account
                    </strong>
                  </h5>
                  <div
                    className="card-body px-lg-5 pt-5"
                  >
                    <form
                      className="text-center"
                      id="signupform"
                    >
                      <Input
                        className="form-control"
                        label="Username"
                        lenght="4"
                        name="username"
                        type="text"
                      />
                      <Input
                        className="form-control"
                        label="Email"
                        lenght="4"
                        name="email"
                        type="email"
                      />
                      <Input
                        className="form-control"
                        label="Password"
                        lenght="8"
                        name="password"
                        type="password"
                      />
                      <Input
                        className="form-control"
                        label="Confirm password"
                        lenght="8"
                        name="confirmPassword"
                        type="password"
                      />
                      <button
                        className="btn btn-outline-info btn-rounded btn-block my-4 waves-effect z-depth-0"
                        type="submit"
                      >
                        Submit
                      </button>
                    </form>
                  </div>
                </div>
              </div>
            </div>
          </div>
        </section>,
        "className": "container",
      },
      "ref": null,
      "rendered": Object {
        "instance": null,
        "key": undefined,
        "nodeType": "host",
        "props": Object {
          "children": <div
            className="row"
          >
            <div
              className="col-md-6 mb-3 offset-md-3"
            >
              <div
                className="text-center mb-4 wow fadeIn"
              >
                <div
                  className="card"
                >
                  <h5
                    className="card-header unique-color-dark  white-text text-center mt-0 py-4"
                  >
                    <strong>
                      Create Account
                    </strong>
                  </h5>
                  <div
                    className="card-body px-lg-5 pt-5"
                  >
                    <form
                      className="text-center"
                      id="signupform"
                    >
                      <Input
                        className="form-control"
                        label="Username"
                        lenght="4"
                        name="username"
                        type="text"
                      />
                      <Input
                        className="form-control"
                        label="Email"
                        lenght="4"
                        name="email"
                        type="email"
                      />
                      <Input
                        className="form-control"
                        label="Password"
                        lenght="8"
                        name="password"
                        type="password"
                      />
                      <Input
                        className="form-control"
                        label="Confirm password"
                        lenght="8"
                        name="confirmPassword"
                        type="password"
                      />
                      <button
                        className="btn btn-outline-info btn-rounded btn-block my-4 waves-effect z-depth-0"
                        type="submit"
                      >
                        Submit
                      </button>
                    </form>
                  </div>
                </div>
              </div>
            </div>
          </div>,
          "className": "mt-4",
        },
        "ref": null,
        "rendered": Object {
          "instance": null,
          "key": undefined,
          "nodeType": "host",
          "props": Object {
            "children": <div
              className="col-md-6 mb-3 offset-md-3"
            >
              <div
                className="text-center mb-4 wow fadeIn"
              >
                <div
                  className="card"
                >
                  <h5
                    className="card-header unique-color-dark  white-text text-center mt-0 py-4"
                  >
                    <strong>
                      Create Account
                    </strong>
                  </h5>
                  <div
                    className="card-body px-lg-5 pt-5"
                  >
                    <form
                      className="text-center"
                      id="signupform"
                    >
                      <Input
                        className="form-control"
                        label="Username"
                        lenght="4"
                        name="username"
                        type="text"
                      />
                      <Input
                        className="form-control"
                        label="Email"
                        lenght="4"
                        name="email"
                        type="email"
                      />
                      <Input
                        className="form-control"
                        label="Password"
                        lenght="8"
                        name="password"
                        type="password"
                      />
                      <Input
                        className="form-control"
                        label="Confirm password"
                        lenght="8"
                        name="confirmPassword"
                        type="password"
                      />
                      <button
                        className="btn btn-outline-info btn-rounded btn-block my-4 waves-effect z-depth-0"
                        type="submit"
                      >
                        Submit
                      </button>
                    </form>
                  </div>
                </div>
              </div>
            </div>,
            "className": "row",
          },
          "ref": null,
          "rendered": Object {
            "instance": null,
            "key": undefined,
            "nodeType": "host",
            "props": Object {
              "children": <div
                className="text-center mb-4 wow fadeIn"
              >
                <div
                  className="card"
                >
                  <h5
                    className="card-header unique-color-dark  white-text text-center mt-0 py-4"
                  >
                    <strong>
                      Create Account
                    </strong>
                  </h5>
                  <div
                    className="card-body px-lg-5 pt-5"
                  >
                    <form
                      className="text-center"
                      id="signupform"
                    >
                      <Input
                        className="form-control"
                        label="Username"
                        lenght="4"
                        name="username"
                        type="text"
                      />
                      <Input
                        className="form-control"
                        label="Email"
                        lenght="4"
                        name="email"
                        type="email"
                      />
                      <Input
                        className="form-control"
                        label="Password"
                        lenght="8"
                        name="password"
                        type="password"
                      />
                      <Input
                        className="form-control"
                        label="Confirm password"
                        lenght="8"
                        name="confirmPassword"
                        type="password"
                      />
                      <button
                        className="btn btn-outline-info btn-rounded btn-block my-4 waves-effect z-depth-0"
                        type="submit"
                      >
                        Submit
                      </button>
                    </form>
                  </div>
                </div>
              </div>,
              "className": "col-md-6 mb-3 offset-md-3",
            },
            "ref": null,
            "rendered": Object {
              "instance": null,
              "key": undefined,
              "nodeType": "host",
              "props": Object {
                "children": <div
                  className="card"
                >
                  <h5
                    className="card-header unique-color-dark  white-text text-center mt-0 py-4"
                  >
                    <strong>
                      Create Account
                    </strong>
                  </h5>
                  <div
                    className="card-body px-lg-5 pt-5"
                  >
                    <form
                      className="text-center"
                      id="signupform"
                    >
                      <Input
                        className="form-control"
                        label="Username"
                        lenght="4"
                        name="username"
                        type="text"
                      />
                      <Input
                        className="form-control"
                        label="Email"
                        lenght="4"
                        name="email"
                        type="email"
                      />
                      <Input
                        className="form-control"
                        label="Password"
                        lenght="8"
                        name="password"
                        type="password"
                      />
                      <Input
                        className="form-control"
                        label="Confirm password"
                        lenght="8"
                        name="confirmPassword"
                        type="password"
                      />
                      <button
                        className="btn btn-outline-info btn-rounded btn-block my-4 waves-effect z-depth-0"
                        type="submit"
                      >
                        Submit
                      </button>
                    </form>
                  </div>
                </div>,
                "className": "text-center mb-4 wow fadeIn",
              },
              "ref": null,
              "rendered": Object {
                "instance": null,
                "key": undefined,
                "nodeType": "host",
                "props": Object {
                  "children": Array [
                    <h5
                      className="card-header unique-color-dark  white-text text-center mt-0 py-4"
                    >
                      <strong>
                        Create Account
                      </strong>
                    </h5>,
                    <div
                      className="card-body px-lg-5 pt-5"
                    >
                      <form
                        className="text-center"
                        id="signupform"
                      >
                        <Input
                          className="form-control"
                          label="Username"
                          lenght="4"
                          name="username"
                          type="text"
                        />
                        <Input
                          className="form-control"
                          label="Email"
                          lenght="4"
                          name="email"
                          type="email"
                        />
                        <Input
                          className="form-control"
                          label="Password"
                          lenght="8"
                          name="password"
                          type="password"
                        />
                        <Input
                          className="form-control"
                          label="Confirm password"
                          lenght="8"
                          name="confirmPassword"
                          type="password"
                        />
                        <button
                          className="btn btn-outline-info btn-rounded btn-block my-4 waves-effect z-depth-0"
                          type="submit"
                        >
                          Submit
                        </button>
                      </form>
                    </div>,
                  ],
                  "className": "card",
                },
                "ref": null,
                "rendered": Array [
                  Object {
                    "instance": null,
                    "key": undefined,
                    "nodeType": "host",
                    "props": Object {
                      "children": <strong>
                        Create Account
                      </strong>,
                      "className": "card-header unique-color-dark  white-text text-center mt-0 py-4",
                    },
                    "ref": null,
                    "rendered": Object {
                      "instance": null,
                      "key": undefined,
                      "nodeType": "host",
                      "props": Object {
                        "children": "Create Account",
                      },
                      "ref": null,
                      "rendered": "Create Account",
                      "type": "strong",
                    },
                    "type": "h5",
                  },
                  Object {
                    "instance": null,
                    "key": undefined,
                    "nodeType": "host",
                    "props": Object {
                      "children": <form
                        className="text-center"
                        id="signupform"
                      >
                        <Input
                          className="form-control"
                          label="Username"
                          lenght="4"
                          name="username"
                          type="text"
                        />
                        <Input
                          className="form-control"
                          label="Email"
                          lenght="4"
                          name="email"
                          type="email"
                        />
                        <Input
                          className="form-control"
                          label="Password"
                          lenght="8"
                          name="password"
                          type="password"
                        />
                        <Input
                          className="form-control"
                          label="Confirm password"
                          lenght="8"
                          name="confirmPassword"
                          type="password"
                        />
                        <button
                          className="btn btn-outline-info btn-rounded btn-block my-4 waves-effect z-depth-0"
                          type="submit"
                        >
                          Submit
                        </button>
                      </form>,
                      "className": "card-body px-lg-5 pt-5",
                    },
                    "ref": null,
                    "rendered": Object {
                      "instance": null,
                      "key": undefined,
                      "nodeType": "host",
                      "props": Object {
                        "children": Array [
                          <Input
                            className="form-control"
                            label="Username"
                            lenght="4"
                            name="username"
                            type="text"
                          />,
                          <Input
                            className="form-control"
                            label="Email"
                            lenght="4"
                            name="email"
                            type="email"
                          />,
                          <Input
                            className="form-control"
                            label="Password"
                            lenght="8"
                            name="password"
                            type="password"
                          />,
                          <Input
                            className="form-control"
                            label="Confirm password"
                            lenght="8"
                            name="confirmPassword"
                            type="password"
                          />,
                          <button
                            className="btn btn-outline-info btn-rounded btn-block my-4 waves-effect z-depth-0"
                            type="submit"
                          >
                            Submit
                          </button>,
                        ],
                        "className": "text-center",
                        "id": "signupform",
                        "onSubmit": undefined,
                      },
                      "ref": null,
                      "rendered": Array [
                        Object {
                          "instance": null,
                          "key": undefined,
                          "nodeType": "function",
                          "props": Object {
                            "className": "form-control",
                            "label": "Username",
                            "lenght": "4",
                            "name": "username",
                            "onChange": undefined,
                            "type": "text",
                          },
                          "ref": null,
                          "rendered": null,
                          "type": [Function],
                        },
                        Object {
                          "instance": null,
                          "key": undefined,
                          "nodeType": "function",
                          "props": Object {
                            "className": "form-control",
                            "label": "Email",
                            "lenght": "4",
                            "name": "email",
                            "onChange": undefined,
                            "type": "email",
                          },
                          "ref": null,
                          "rendered": null,
                          "type": [Function],
                        },
                        Object {
                          "instance": null,
                          "key": undefined,
                          "nodeType": "function",
                          "props": Object {
                            "className": "form-control",
                            "label": "Password",
                            "lenght": "8",
                            "name": "password",
                            "onChange": undefined,
                            "type": "password",
                          },
                          "ref": null,
                          "rendered": null,
                          "type": [Function],
                        },
                        Object {
                          "instance": null,
                          "key": undefined,
                          "nodeType": "function",
                          "props": Object {
                            "className": "form-control",
                            "label": "Confirm password",
                            "lenght": "8",
                            "name": "confirmPassword",
                            "onChange": undefined,
                            "type": "password",
                          },
                          "ref": null,
                          "rendered": null,
                          "type": [Function],
                        },
                        Object {
                          "instance": null,
                          "key": undefined,
                          "nodeType": "host",
                          "props": Object {
                            "children": "Submit",
                            "className": "btn btn-outline-info btn-rounded btn-block my-4 waves-effect z-depth-0",
                            "type": "submit",
                          },
                          "ref": null,
                          "rendered": "Submit",
                          "type": "button",
                        },
                      ],
                      "type": "form",
                    },
                    "type": "div",
                  },
                ],
                "type": "div",
              },
              "type": "div",
            },
            "type": "div",
          },
          "type": "div",
        },
        "type": "section",
      },
      "type": "div",
    },
    "type": "div",
  },
  Symbol(enzyme.__nodes__): Array [
    Object {
      "instance": null,
      "key": undefined,
      "nodeType": "host",
      "props": Object {
        "children": <div
          className="container"
        >
          <section
            className="mt-4"
          >
            <div
              className="row"
            >
              <div
                className="col-md-6 mb-3 offset-md-3"
              >
                <div
                  className="text-center mb-4 wow fadeIn"
                >
                  <div
                    className="card"
                  >
                    <h5
                      className="card-header unique-color-dark  white-text text-center mt-0 py-4"
                    >
                      <strong>
                        Create Account
                      </strong>
                    </h5>
                    <div
                      className="card-body px-lg-5 pt-5"
                    >
                      <form
                        className="text-center"
                        id="signupform"
                      >
                        <Input
                          className="form-control"
                          label="Username"
                          lenght="4"
                          name="username"
                          type="text"
                        />
                        <Input
                          className="form-control"
                          label="Email"
                          lenght="4"
                          name="email"
                          type="email"
                        />
                        <Input
                          className="form-control"
                          label="Password"
                          lenght="8"
                          name="password"
                          type="password"
                        />
                        <Input
                          className="form-control"
                          label="Confirm password"
                          lenght="8"
                          name="confirmPassword"
                          type="password"
                        />
                        <button
                          className="btn btn-outline-info btn-rounded btn-block my-4 waves-effect z-depth-0"
                          type="submit"
                        >
                          Submit
                        </button>
                      </form>
                    </div>
                  </div>
                </div>
              </div>
            </div>
          </section>
        </div>,
        "className": "mt-5 pt-5",
      },
      "ref": null,
      "rendered": Object {
        "instance": null,
        "key": undefined,
        "nodeType": "host",
        "props": Object {
          "children": <section
            className="mt-4"
          >
            <div
              className="row"
            >
              <div
                className="col-md-6 mb-3 offset-md-3"
              >
                <div
                  className="text-center mb-4 wow fadeIn"
                >
                  <div
                    className="card"
                  >
                    <h5
                      className="card-header unique-color-dark  white-text text-center mt-0 py-4"
                    >
                      <strong>
                        Create Account
                      </strong>
                    </h5>
                    <div
                      className="card-body px-lg-5 pt-5"
                    >
                      <form
                        className="text-center"
                        id="signupform"
                      >
                        <Input
                          className="form-control"
                          label="Username"
                          lenght="4"
                          name="username"
                          type="text"
                        />
                        <Input
                          className="form-control"
                          label="Email"
                          lenght="4"
                          name="email"
                          type="email"
                        />
                        <Input
                          className="form-control"
                          label="Password"
                          lenght="8"
                          name="password"
                          type="password"
                        />
                        <Input
                          className="form-control"
                          label="Confirm password"
                          lenght="8"
                          name="confirmPassword"
                          type="password"
                        />
                        <button
                          className="btn btn-outline-info btn-rounded btn-block my-4 waves-effect z-depth-0"
                          type="submit"
                        >
                          Submit
                        </button>
                      </form>
                    </div>
                  </div>
                </div>
              </div>
            </div>
          </section>,
          "className": "container",
        },
        "ref": null,
        "rendered": Object {
          "instance": null,
          "key": undefined,
          "nodeType": "host",
          "props": Object {
            "children": <div
              className="row"
            >
              <div
                className="col-md-6 mb-3 offset-md-3"
              >
                <div
                  className="text-center mb-4 wow fadeIn"
                >
                  <div
                    className="card"
                  >
                    <h5
                      className="card-header unique-color-dark  white-text text-center mt-0 py-4"
                    >
                      <strong>
                        Create Account
                      </strong>
                    </h5>
                    <div
                      className="card-body px-lg-5 pt-5"
                    >
                      <form
                        className="text-center"
                        id="signupform"
                      >
                        <Input
                          className="form-control"
                          label="Username"
                          lenght="4"
                          name="username"
                          type="text"
                        />
                        <Input
                          className="form-control"
                          label="Email"
                          lenght="4"
                          name="email"
                          type="email"
                        />
                        <Input
                          className="form-control"
                          label="Password"
                          lenght="8"
                          name="password"
                          type="password"
                        />
                        <Input
                          className="form-control"
                          label="Confirm password"
                          lenght="8"
                          name="confirmPassword"
                          type="password"
                        />
                        <button
                          className="btn btn-outline-info btn-rounded btn-block my-4 waves-effect z-depth-0"
                          type="submit"
                        >
                          Submit
                        </button>
                      </form>
                    </div>
                  </div>
                </div>
              </div>
            </div>,
            "className": "mt-4",
          },
          "ref": null,
          "rendered": Object {
            "instance": null,
            "key": undefined,
            "nodeType": "host",
            "props": Object {
              "children": <div
                className="col-md-6 mb-3 offset-md-3"
              >
                <div
                  className="text-center mb-4 wow fadeIn"
                >
                  <div
                    className="card"
                  >
                    <h5
                      className="card-header unique-color-dark  white-text text-center mt-0 py-4"
                    >
                      <strong>
                        Create Account
                      </strong>
                    </h5>
                    <div
                      className="card-body px-lg-5 pt-5"
                    >
                      <form
                        className="text-center"
                        id="signupform"
                      >
                        <Input
                          className="form-control"
                          label="Username"
                          lenght="4"
                          name="username"
                          type="text"
                        />
                        <Input
                          className="form-control"
                          label="Email"
                          lenght="4"
                          name="email"
                          type="email"
                        />
                        <Input
                          className="form-control"
                          label="Password"
                          lenght="8"
                          name="password"
                          type="password"
                        />
                        <Input
                          className="form-control"
                          label="Confirm password"
                          lenght="8"
                          name="confirmPassword"
                          type="password"
                        />
                        <button
                          className="btn btn-outline-info btn-rounded btn-block my-4 waves-effect z-depth-0"
                          type="submit"
                        >
                          Submit
                        </button>
                      </form>
                    </div>
                  </div>
                </div>
              </div>,
              "className": "row",
            },
            "ref": null,
            "rendered": Object {
              "instance": null,
              "key": undefined,
              "nodeType": "host",
              "props": Object {
                "children": <div
                  className="text-center mb-4 wow fadeIn"
                >
                  <div
                    className="card"
                  >
                    <h5
                      className="card-header unique-color-dark  white-text text-center mt-0 py-4"
                    >
                      <strong>
                        Create Account
                      </strong>
                    </h5>
                    <div
                      className="card-body px-lg-5 pt-5"
                    >
                      <form
                        className="text-center"
                        id="signupform"
                      >
                        <Input
                          className="form-control"
                          label="Username"
                          lenght="4"
                          name="username"
                          type="text"
                        />
                        <Input
                          className="form-control"
                          label="Email"
                          lenght="4"
                          name="email"
                          type="email"
                        />
                        <Input
                          className="form-control"
                          label="Password"
                          lenght="8"
                          name="password"
                          type="password"
                        />
                        <Input
                          className="form-control"
                          label="Confirm password"
                          lenght="8"
                          name="confirmPassword"
                          type="password"
                        />
                        <button
                          className="btn btn-outline-info btn-rounded btn-block my-4 waves-effect z-depth-0"
                          type="submit"
                        >
                          Submit
                        </button>
                      </form>
                    </div>
                  </div>
                </div>,
                "className": "col-md-6 mb-3 offset-md-3",
              },
              "ref": null,
              "rendered": Object {
                "instance": null,
                "key": undefined,
                "nodeType": "host",
                "props": Object {
                  "children": <div
                    className="card"
                  >
                    <h5
                      className="card-header unique-color-dark  white-text text-center mt-0 py-4"
                    >
                      <strong>
                        Create Account
                      </strong>
                    </h5>
                    <div
                      className="card-body px-lg-5 pt-5"
                    >
                      <form
                        className="text-center"
                        id="signupform"
                      >
                        <Input
                          className="form-control"
                          label="Username"
                          lenght="4"
                          name="username"
                          type="text"
                        />
                        <Input
                          className="form-control"
                          label="Email"
                          lenght="4"
                          name="email"
                          type="email"
                        />
                        <Input
                          className="form-control"
                          label="Password"
                          lenght="8"
                          name="password"
                          type="password"
                        />
                        <Input
                          className="form-control"
                          label="Confirm password"
                          lenght="8"
                          name="confirmPassword"
                          type="password"
                        />
                        <button
                          className="btn btn-outline-info btn-rounded btn-block my-4 waves-effect z-depth-0"
                          type="submit"
                        >
                          Submit
                        </button>
                      </form>
                    </div>
                  </div>,
                  "className": "text-center mb-4 wow fadeIn",
                },
                "ref": null,
                "rendered": Object {
                  "instance": null,
                  "key": undefined,
                  "nodeType": "host",
                  "props": Object {
                    "children": Array [
                      <h5
                        className="card-header unique-color-dark  white-text text-center mt-0 py-4"
                      >
                        <strong>
                          Create Account
                        </strong>
                      </h5>,
                      <div
                        className="card-body px-lg-5 pt-5"
                      >
                        <form
                          className="text-center"
                          id="signupform"
                        >
                          <Input
                            className="form-control"
                            label="Username"
                            lenght="4"
                            name="username"
                            type="text"
                          />
                          <Input
                            className="form-control"
                            label="Email"
                            lenght="4"
                            name="email"
                            type="email"
                          />
                          <Input
                            className="form-control"
                            label="Password"
                            lenght="8"
                            name="password"
                            type="password"
                          />
                          <Input
                            className="form-control"
                            label="Confirm password"
                            lenght="8"
                            name="confirmPassword"
                            type="password"
                          />
                          <button
                            className="btn btn-outline-info btn-rounded btn-block my-4 waves-effect z-depth-0"
                            type="submit"
                          >
                            Submit
                          </button>
                        </form>
                      </div>,
                    ],
                    "className": "card",
                  },
                  "ref": null,
                  "rendered": Array [
                    Object {
                      "instance": null,
                      "key": undefined,
                      "nodeType": "host",
                      "props": Object {
                        "children": <strong>
                          Create Account
                        </strong>,
                        "className": "card-header unique-color-dark  white-text text-center mt-0 py-4",
                      },
                      "ref": null,
                      "rendered": Object {
                        "instance": null,
                        "key": undefined,
                        "nodeType": "host",
                        "props": Object {
                          "children": "Create Account",
                        },
                        "ref": null,
                        "rendered": "Create Account",
                        "type": "strong",
                      },
                      "type": "h5",
                    },
                    Object {
                      "instance": null,
                      "key": undefined,
                      "nodeType": "host",
                      "props": Object {
                        "children": <form
                          className="text-center"
                          id="signupform"
                        >
                          <Input
                            className="form-control"
                            label="Username"
                            lenght="4"
                            name="username"
                            type="text"
                          />
                          <Input
                            className="form-control"
                            label="Email"
                            lenght="4"
                            name="email"
                            type="email"
                          />
                          <Input
                            className="form-control"
                            label="Password"
                            lenght="8"
                            name="password"
                            type="password"
                          />
                          <Input
                            className="form-control"
                            label="Confirm password"
                            lenght="8"
                            name="confirmPassword"
                            type="password"
                          />
                          <button
                            className="btn btn-outline-info btn-rounded btn-block my-4 waves-effect z-depth-0"
                            type="submit"
                          >
                            Submit
                          </button>
                        </form>,
                        "className": "card-body px-lg-5 pt-5",
                      },
                      "ref": null,
                      "rendered": Object {
                        "instance": null,
                        "key": undefined,
                        "nodeType": "host",
                        "props": Object {
                          "children": Array [
                            <Input
                              className="form-control"
                              label="Username"
                              lenght="4"
                              name="username"
                              type="text"
                            />,
                            <Input
                              className="form-control"
                              label="Email"
                              lenght="4"
                              name="email"
                              type="email"
                            />,
                            <Input
                              className="form-control"
                              label="Password"
                              lenght="8"
                              name="password"
                              type="password"
                            />,
                            <Input
                              className="form-control"
                              label="Confirm password"
                              lenght="8"
                              name="confirmPassword"
                              type="password"
                            />,
                            <button
                              className="btn btn-outline-info btn-rounded btn-block my-4 waves-effect z-depth-0"
                              type="submit"
                            >
                              Submit
                            </button>,
                          ],
                          "className": "text-center",
                          "id": "signupform",
                          "onSubmit": undefined,
                        },
                        "ref": null,
                        "rendered": Array [
                          Object {
                            "instance": null,
                            "key": undefined,
                            "nodeType": "function",
                            "props": Object {
                              "className": "form-control",
                              "label": "Username",
                              "lenght": "4",
                              "name": "username",
                              "onChange": undefined,
                              "type": "text",
                            },
                            "ref": null,
                            "rendered": null,
                            "type": [Function],
                          },
                          Object {
                            "instance": null,
                            "key": undefined,
                            "nodeType": "function",
                            "props": Object {
                              "className": "form-control",
                              "label": "Email",
                              "lenght": "4",
                              "name": "email",
                              "onChange": undefined,
                              "type": "email",
                            },
                            "ref": null,
                            "rendered": null,
                            "type": [Function],
                          },
                          Object {
                            "instance": null,
                            "key": undefined,
                            "nodeType": "function",
                            "props": Object {
                              "className": "form-control",
                              "label": "Password",
                              "lenght": "8",
                              "name": "password",
                              "onChange": undefined,
                              "type": "password",
                            },
                            "ref": null,
                            "rendered": null,
                            "type": [Function],
                          },
                          Object {
                            "instance": null,
                            "key": undefined,
                            "nodeType": "function",
                            "props": Object {
                              "className": "form-control",
                              "label": "Confirm password",
                              "lenght": "8",
                              "name": "confirmPassword",
                              "onChange": undefined,
                              "type": "password",
                            },
                            "ref": null,
                            "rendered": null,
                            "type": [Function],
                          },
                          Object {
                            "instance": null,
                            "key": undefined,
                            "nodeType": "host",
                            "props": Object {
                              "children": "Submit",
                              "className": "btn btn-outline-info btn-rounded btn-block my-4 waves-effect z-depth-0",
                              "type": "submit",
                            },
                            "ref": null,
                            "rendered": "Submit",
                            "type": "button",
                          },
                        ],
                        "type": "form",
                      },
                      "type": "div",
                    },
                  ],
                  "type": "div",
                },
                "type": "div",
              },
              "type": "div",
            },
            "type": "div",
          },
          "type": "section",
        },
        "type": "div",
      },
      "type": "div",
    },
  ],
  Symbol(enzyme.__options__): Object {
    "adapter": ReactSixteenAdapter {
      "options": Object {
        "enableComponentDidUpdateOnSetState": true,
        "lifecycles": Object {
          "componentDidUpdate": Object {
            "onSetState": true,
          },
          "getDerivedStateFromProps": true,
          "getSnapshotBeforeUpdate": true,
          "setState": Object {
            "skipsComponentDidUpdateOnNullish": true,
          },
        },
      },
    },
  },
}
`;

exports[`Tests the mounted layout component tests the input component of the app 1`] = `
ShallowWrapper {
  Symbol(enzyme.__root__): [Circular],
  Symbol(enzyme.__unrendered__): <Input />,
  Symbol(enzyme.__renderer__): Object {
    "batchedUpdates": [Function],
    "getNode": [Function],
    "render": [Function],
    "simulateError": [Function],
    "simulateEvent": [Function],
    "unmount": [Function],
  },
  Symbol(enzyme.__node__): Object {
    "instance": null,
    "key": undefined,
    "nodeType": "host",
    "props": Object {
      "children": Array [
        <label />,
        <input
          required={true}
        />,
      ],
      "className": "md-form ",
    },
    "ref": null,
    "rendered": Array [
      Object {
        "instance": null,
        "key": undefined,
        "nodeType": "host",
        "props": Object {
          "children": undefined,
          "htmlFor": undefined,
        },
        "ref": null,
        "rendered": null,
        "type": "label",
      },
      Object {
        "instance": null,
        "key": undefined,
        "nodeType": "host",
        "props": Object {
          "className": undefined,
          "id": undefined,
          "minLength": undefined,
          "name": undefined,
          "onChange": undefined,
          "required": true,
          "type": undefined,
        },
        "ref": null,
        "rendered": null,
        "type": "input",
      },
    ],
    "type": "div",
  },
  Symbol(enzyme.__nodes__): Array [
    Object {
      "instance": null,
      "key": undefined,
      "nodeType": "host",
      "props": Object {
        "children": Array [
          <label />,
          <input
            required={true}
          />,
        ],
        "className": "md-form ",
      },
      "ref": null,
      "rendered": Array [
        Object {
          "instance": null,
          "key": undefined,
          "nodeType": "host",
          "props": Object {
            "children": undefined,
            "htmlFor": undefined,
          },
          "ref": null,
          "rendered": null,
          "type": "label",
        },
        Object {
          "instance": null,
          "key": undefined,
          "nodeType": "host",
          "props": Object {
            "className": undefined,
            "id": undefined,
            "minLength": undefined,
            "name": undefined,
            "onChange": undefined,
            "required": true,
            "type": undefined,
          },
          "ref": null,
          "rendered": null,
          "type": "input",
        },
      ],
      "type": "div",
    },
  ],
  Symbol(enzyme.__options__): Object {
    "adapter": ReactSixteenAdapter {
      "options": Object {
        "enableComponentDidUpdateOnSetState": true,
        "lifecycles": Object {
          "componentDidUpdate": Object {
            "onSetState": true,
          },
          "getDerivedStateFromProps": true,
          "getSnapshotBeforeUpdate": true,
          "setState": Object {
            "skipsComponentDidUpdateOnNullish": true,
          },
        },
      },
    },
  },
}
`;
